active: true
derived: false
header: ''
level: 1.2
links: []
normative: true
ref: ''
reviewed: null
text: ''
